// Jest Snapshot v1, https://goo.gl/fbAQLP

exports[`<AboutUs /> should render itself 1`] = `
ShallowWrapper {
  "length": 1,
  Symbol(enzyme.__root__): [Circular],
  Symbol(enzyme.__unrendered__): <AboutUs />,
  Symbol(enzyme.__renderer__): Object {
    "batchedUpdates": [Function],
    "getNode": [Function],
    "render": [Function],
    "simulateEvent": [Function],
    "unmount": [Function],
  },
  Symbol(enzyme.__node__): Object {
    "instance": null,
    "key": undefined,
    "nodeType": "host",
    "props": Object {
      "children": Array [
        <HelmetWrapper
          defer={true}
          encodeSpecialCharacters={true}
          meta={
                    Array [
                              Object {
                                "content": "About Us",
                                "name": "description",
                              },
                              Object {
                                "content": "About Us",
                                "property": "og:title",
                              },
                            ]
          }
          title="About Us"
/>,
        <h1>
          About Us
</h1>,
      ],
      "className": "app-view",
    },
    "ref": null,
    "rendered": Array [
      Object {
        "instance": null,
        "key": undefined,
        "nodeType": "class",
        "props": Object {
          "defer": true,
          "encodeSpecialCharacters": true,
          "meta": Array [
            Object {
              "content": "About Us",
              "name": "description",
            },
            Object {
              "content": "About Us",
              "property": "og:title",
            },
          ],
          "title": "About Us",
        },
        "ref": null,
        "rendered": null,
        "type": [Function],
      },
      Object {
        "instance": null,
        "key": undefined,
        "nodeType": "host",
        "props": Object {
          "children": "About Us",
        },
        "ref": null,
        "rendered": "About Us",
        "type": "h1",
      },
    ],
    "type": "section",
  },
  Symbol(enzyme.__nodes__): Array [
    Object {
      "instance": null,
      "key": undefined,
      "nodeType": "host",
      "props": Object {
        "children": Array [
          <HelmetWrapper
            defer={true}
            encodeSpecialCharacters={true}
            meta={
                        Array [
                                    Object {
                                      "content": "About Us",
                                      "name": "description",
                                    },
                                    Object {
                                      "content": "About Us",
                                      "property": "og:title",
                                    },
                                  ]
            }
            title="About Us"
/>,
          <h1>
            About Us
</h1>,
        ],
        "className": "app-view",
      },
      "ref": null,
      "rendered": Array [
        Object {
          "instance": null,
          "key": undefined,
          "nodeType": "class",
          "props": Object {
            "defer": true,
            "encodeSpecialCharacters": true,
            "meta": Array [
              Object {
                "content": "About Us",
                "name": "description",
              },
              Object {
                "content": "About Us",
                "property": "og:title",
              },
            ],
            "title": "About Us",
          },
          "ref": null,
          "rendered": null,
          "type": [Function],
        },
        Object {
          "instance": null,
          "key": undefined,
          "nodeType": "host",
          "props": Object {
            "children": "About Us",
          },
          "ref": null,
          "rendered": "About Us",
          "type": "h1",
        },
      ],
      "type": "section",
    },
  ],
  Symbol(enzyme.__options__): Object {
    "adapter": ReactSixteenAdapter {
      "options": Object {
        "enableComponentDidUpdateOnSetState": true,
      },
    },
  },
}
`;
