// Jest Snapshot v1, https://goo.gl/fbAQLP

exports[`<Contact /> should render itself 1`] = `
ShallowWrapper {
  "length": 1,
  Symbol(enzyme.__root__): [Circular],
  Symbol(enzyme.__unrendered__): <Contact />,
  Symbol(enzyme.__renderer__): Object {
    "batchedUpdates": [Function],
    "getNode": [Function],
    "render": [Function],
    "simulateEvent": [Function],
    "unmount": [Function],
  },
  Symbol(enzyme.__node__): Object {
    "instance": null,
    "key": undefined,
    "nodeType": "host",
    "props": Object {
      "children": Array [
        <HelmetWrapper
          defer={true}
          encodeSpecialCharacters={true}
          meta={
                    Array [
                              Object {
                                "content": "Contact",
                                "name": "description",
                              },
                              Object {
                                "content": "Contact",
                                "property": "og:title",
                              },
                            ]
          }
          title="Contact"
/>,
        <h1>
          Contact
</h1>,
        <div
          className="text_contact contact_bg"
>
          <h2>
                    Contact aBlueLemon Productions has representation in UAE, Spain and Germany.
          </h2>
          <h3>
                    Please contact us under:
          </h3>
          <p>
                    Phone: 0049-(0)1782871785
          </p>
          <p>
                    E-mail: 
                    <a
                              className="link"
                              href="mailto:info@abluelemon.com?subject=Mail from aBlueLemon Site"
                    >
                              info@abluelemon.com
                    </a>
          </p>
</div>,
      ],
      "className": "app-view",
    },
    "ref": null,
    "rendered": Array [
      Object {
        "instance": null,
        "key": undefined,
        "nodeType": "class",
        "props": Object {
          "defer": true,
          "encodeSpecialCharacters": true,
          "meta": Array [
            Object {
              "content": "Contact",
              "name": "description",
            },
            Object {
              "content": "Contact",
              "property": "og:title",
            },
          ],
          "title": "Contact",
        },
        "ref": null,
        "rendered": null,
        "type": [Function],
      },
      Object {
        "instance": null,
        "key": undefined,
        "nodeType": "host",
        "props": Object {
          "children": "Contact",
        },
        "ref": null,
        "rendered": "Contact",
        "type": "h1",
      },
      Object {
        "instance": null,
        "key": undefined,
        "nodeType": "host",
        "props": Object {
          "children": Array [
            <h2>
              Contact aBlueLemon Productions has representation in UAE, Spain and Germany.
</h2>,
            <h3>
              Please contact us under:
</h3>,
            <p>
              Phone: 0049-(0)1782871785
</p>,
            <p>
              E-mail: 
              <a
                            className="link"
                            href="mailto:info@abluelemon.com?subject=Mail from aBlueLemon Site"
              >
                            info@abluelemon.com
              </a>
</p>,
          ],
          "className": "text_contact contact_bg",
        },
        "ref": null,
        "rendered": Array [
          Object {
            "instance": null,
            "key": undefined,
            "nodeType": "host",
            "props": Object {
              "children": "Contact aBlueLemon Productions has representation in UAE, Spain and Germany.",
            },
            "ref": null,
            "rendered": "Contact aBlueLemon Productions has representation in UAE, Spain and Germany.",
            "type": "h2",
          },
          Object {
            "instance": null,
            "key": undefined,
            "nodeType": "host",
            "props": Object {
              "children": "Please contact us under:",
            },
            "ref": null,
            "rendered": "Please contact us under:",
            "type": "h3",
          },
          Object {
            "instance": null,
            "key": undefined,
            "nodeType": "host",
            "props": Object {
              "children": "Phone: 0049-(0)1782871785",
            },
            "ref": null,
            "rendered": "Phone: 0049-(0)1782871785",
            "type": "p",
          },
          Object {
            "instance": null,
            "key": undefined,
            "nodeType": "host",
            "props": Object {
              "children": Array [
                "E-mail: ",
                <a
                  className="link"
                  href="mailto:info@abluelemon.com?subject=Mail from aBlueLemon Site"
>
                  info@abluelemon.com
</a>,
              ],
            },
            "ref": null,
            "rendered": Array [
              "E-mail: ",
              Object {
                "instance": null,
                "key": undefined,
                "nodeType": "host",
                "props": Object {
                  "children": "info@abluelemon.com",
                  "className": "link",
                  "href": "mailto:info@abluelemon.com?subject=Mail from aBlueLemon Site",
                },
                "ref": null,
                "rendered": "info@abluelemon.com",
                "type": "a",
              },
            ],
            "type": "p",
          },
        ],
        "type": "div",
      },
    ],
    "type": "section",
  },
  Symbol(enzyme.__nodes__): Array [
    Object {
      "instance": null,
      "key": undefined,
      "nodeType": "host",
      "props": Object {
        "children": Array [
          <HelmetWrapper
            defer={true}
            encodeSpecialCharacters={true}
            meta={
                        Array [
                                    Object {
                                      "content": "Contact",
                                      "name": "description",
                                    },
                                    Object {
                                      "content": "Contact",
                                      "property": "og:title",
                                    },
                                  ]
            }
            title="Contact"
/>,
          <h1>
            Contact
</h1>,
          <div
            className="text_contact contact_bg"
>
            <h2>
                        Contact aBlueLemon Productions has representation in UAE, Spain and Germany.
            </h2>
            <h3>
                        Please contact us under:
            </h3>
            <p>
                        Phone: 0049-(0)1782871785
            </p>
            <p>
                        E-mail: 
                        <a
                                    className="link"
                                    href="mailto:info@abluelemon.com?subject=Mail from aBlueLemon Site"
                        >
                                    info@abluelemon.com
                        </a>
            </p>
</div>,
        ],
        "className": "app-view",
      },
      "ref": null,
      "rendered": Array [
        Object {
          "instance": null,
          "key": undefined,
          "nodeType": "class",
          "props": Object {
            "defer": true,
            "encodeSpecialCharacters": true,
            "meta": Array [
              Object {
                "content": "Contact",
                "name": "description",
              },
              Object {
                "content": "Contact",
                "property": "og:title",
              },
            ],
            "title": "Contact",
          },
          "ref": null,
          "rendered": null,
          "type": [Function],
        },
        Object {
          "instance": null,
          "key": undefined,
          "nodeType": "host",
          "props": Object {
            "children": "Contact",
          },
          "ref": null,
          "rendered": "Contact",
          "type": "h1",
        },
        Object {
          "instance": null,
          "key": undefined,
          "nodeType": "host",
          "props": Object {
            "children": Array [
              <h2>
                Contact aBlueLemon Productions has representation in UAE, Spain and Germany.
</h2>,
              <h3>
                Please contact us under:
</h3>,
              <p>
                Phone: 0049-(0)1782871785
</p>,
              <p>
                E-mail: 
                <a
                                className="link"
                                href="mailto:info@abluelemon.com?subject=Mail from aBlueLemon Site"
                >
                                info@abluelemon.com
                </a>
</p>,
            ],
            "className": "text_contact contact_bg",
          },
          "ref": null,
          "rendered": Array [
            Object {
              "instance": null,
              "key": undefined,
              "nodeType": "host",
              "props": Object {
                "children": "Contact aBlueLemon Productions has representation in UAE, Spain and Germany.",
              },
              "ref": null,
              "rendered": "Contact aBlueLemon Productions has representation in UAE, Spain and Germany.",
              "type": "h2",
            },
            Object {
              "instance": null,
              "key": undefined,
              "nodeType": "host",
              "props": Object {
                "children": "Please contact us under:",
              },
              "ref": null,
              "rendered": "Please contact us under:",
              "type": "h3",
            },
            Object {
              "instance": null,
              "key": undefined,
              "nodeType": "host",
              "props": Object {
                "children": "Phone: 0049-(0)1782871785",
              },
              "ref": null,
              "rendered": "Phone: 0049-(0)1782871785",
              "type": "p",
            },
            Object {
              "instance": null,
              "key": undefined,
              "nodeType": "host",
              "props": Object {
                "children": Array [
                  "E-mail: ",
                  <a
                    className="link"
                    href="mailto:info@abluelemon.com?subject=Mail from aBlueLemon Site"
>
                    info@abluelemon.com
</a>,
                ],
              },
              "ref": null,
              "rendered": Array [
                "E-mail: ",
                Object {
                  "instance": null,
                  "key": undefined,
                  "nodeType": "host",
                  "props": Object {
                    "children": "info@abluelemon.com",
                    "className": "link",
                    "href": "mailto:info@abluelemon.com?subject=Mail from aBlueLemon Site",
                  },
                  "ref": null,
                  "rendered": "info@abluelemon.com",
                  "type": "a",
                },
              ],
              "type": "p",
            },
          ],
          "type": "div",
        },
      ],
      "type": "section",
    },
  ],
  Symbol(enzyme.__options__): Object {
    "adapter": ReactSixteenAdapter {
      "options": Object {
        "enableComponentDidUpdateOnSetState": true,
      },
    },
  },
}
`;
