// Jest Snapshot v1, https://goo.gl/fbAQLP

exports[`<Projects /> should render itself 1`] = `
ShallowWrapper {
  "length": 1,
  Symbol(enzyme.__root__): [Circular],
  Symbol(enzyme.__unrendered__): <Projects />,
  Symbol(enzyme.__renderer__): Object {
    "batchedUpdates": [Function],
    "getNode": [Function],
    "render": [Function],
    "simulateEvent": [Function],
    "unmount": [Function],
  },
  Symbol(enzyme.__node__): Object {
    "instance": null,
    "key": undefined,
    "nodeType": "host",
    "props": Object {
      "children": Array [
        <HelmetWrapper
          defer={true}
          encodeSpecialCharacters={true}
          meta={
                    Array [
                              Object {
                                "content": "Projects",
                                "name": "description",
                              },
                              Object {
                                "content": "Projects",
                                "property": "og:title",
                              },
                            ]
          }
          title="Projects"
/>,
        <h1>
          Projects
</h1>,
        <p>
          A Blue Lemon Productions finds itself in the early stages of creation and is still in the process of being formed as the organizer of the first Latin World Music Festival in Dubai (UAE).
</p>,
      ],
      "className": "app-view",
    },
    "ref": null,
    "rendered": Array [
      Object {
        "instance": null,
        "key": undefined,
        "nodeType": "class",
        "props": Object {
          "defer": true,
          "encodeSpecialCharacters": true,
          "meta": Array [
            Object {
              "content": "Projects",
              "name": "description",
            },
            Object {
              "content": "Projects",
              "property": "og:title",
            },
          ],
          "title": "Projects",
        },
        "ref": null,
        "rendered": null,
        "type": [Function],
      },
      Object {
        "instance": null,
        "key": undefined,
        "nodeType": "host",
        "props": Object {
          "children": "Projects",
        },
        "ref": null,
        "rendered": "Projects",
        "type": "h1",
      },
      Object {
        "instance": null,
        "key": undefined,
        "nodeType": "host",
        "props": Object {
          "children": "A Blue Lemon Productions finds itself in the early stages of creation and is still in the process of being formed as the organizer of the first Latin World Music Festival in Dubai (UAE).",
        },
        "ref": null,
        "rendered": "A Blue Lemon Productions finds itself in the early stages of creation and is still in the process of being formed as the organizer of the first Latin World Music Festival in Dubai (UAE).",
        "type": "p",
      },
    ],
    "type": "section",
  },
  Symbol(enzyme.__nodes__): Array [
    Object {
      "instance": null,
      "key": undefined,
      "nodeType": "host",
      "props": Object {
        "children": Array [
          <HelmetWrapper
            defer={true}
            encodeSpecialCharacters={true}
            meta={
                        Array [
                                    Object {
                                      "content": "Projects",
                                      "name": "description",
                                    },
                                    Object {
                                      "content": "Projects",
                                      "property": "og:title",
                                    },
                                  ]
            }
            title="Projects"
/>,
          <h1>
            Projects
</h1>,
          <p>
            A Blue Lemon Productions finds itself in the early stages of creation and is still in the process of being formed as the organizer of the first Latin World Music Festival in Dubai (UAE).
</p>,
        ],
        "className": "app-view",
      },
      "ref": null,
      "rendered": Array [
        Object {
          "instance": null,
          "key": undefined,
          "nodeType": "class",
          "props": Object {
            "defer": true,
            "encodeSpecialCharacters": true,
            "meta": Array [
              Object {
                "content": "Projects",
                "name": "description",
              },
              Object {
                "content": "Projects",
                "property": "og:title",
              },
            ],
            "title": "Projects",
          },
          "ref": null,
          "rendered": null,
          "type": [Function],
        },
        Object {
          "instance": null,
          "key": undefined,
          "nodeType": "host",
          "props": Object {
            "children": "Projects",
          },
          "ref": null,
          "rendered": "Projects",
          "type": "h1",
        },
        Object {
          "instance": null,
          "key": undefined,
          "nodeType": "host",
          "props": Object {
            "children": "A Blue Lemon Productions finds itself in the early stages of creation and is still in the process of being formed as the organizer of the first Latin World Music Festival in Dubai (UAE).",
          },
          "ref": null,
          "rendered": "A Blue Lemon Productions finds itself in the early stages of creation and is still in the process of being formed as the organizer of the first Latin World Music Festival in Dubai (UAE).",
          "type": "p",
        },
      ],
      "type": "section",
    },
  ],
  Symbol(enzyme.__options__): Object {
    "adapter": ReactSixteenAdapter {
      "options": Object {
        "enableComponentDidUpdateOnSetState": true,
      },
    },
  },
}
`;
